Archive member included to satisfy reference by file (symbol)

C:/ST/STM32CubeIDE_1.18.0/STM32CubeIDE/plugins/com.st.stm32cube.ide.mcu.externaltools.gnu-tools-for-stm32.13.3.rel1.win32_1.0.0.202411081344/tools/bin/../lib/gcc/arm-none-eabi/13.3.1/../../../../arm-none-eabi/lib/thumb/v6-m/nofp\libc_nano.a(libc_a-exit.o)
                              C:/ST/STM32CubeIDE_1.18.0/STM32CubeIDE/plugins/com.st.stm32cube.ide.mcu.externaltools.gnu-tools-for-stm32.13.3.rel1.win32_1.0.0.202411081344/tools/bin/../lib/gcc/arm-none-eabi/13.3.1/../../../../arm-none-eabi/lib/thumb/v6-m/nofp/crt0.o (exit)
C:/ST/STM32CubeIDE_1.18.0/STM32CubeIDE/plugins/com.st.stm32cube.ide.mcu.externaltools.gnu-tools-for-stm32.13.3.rel1.win32_1.0.0.202411081344/tools/bin/../lib/gcc/arm-none-eabi/13.3.1/../../../../arm-none-eabi/lib/thumb/v6-m/nofp\libc_nano.a(libc_a-findfp.o)
                              C:/ST/STM32CubeIDE_1.18.0/STM32CubeIDE/plugins/com.st.stm32cube.ide.mcu.externaltools.gnu-tools-for-stm32.13.3.rel1.win32_1.0.0.202411081344/tools/bin/../lib/gcc/arm-none-eabi/13.3.1/../../../../arm-none-eabi/lib/thumb/v6-m/nofp\libc_nano.a(libc_a-exit.o) (__stdio_exit_handler)
C:/ST/STM32CubeIDE_1.18.0/STM32CubeIDE/plugins/com.st.stm32cube.ide.mcu.externaltools.gnu-tools-for-stm32.13.3.rel1.win32_1.0.0.202411081344/tools/bin/../lib/gcc/arm-none-eabi/13.3.1/../../../../arm-none-eabi/lib/thumb/v6-m/nofp\libc_nano.a(libc_a-fwalk.o)
                              C:/ST/STM32CubeIDE_1.18.0/STM32CubeIDE/plugins/com.st.stm32cube.ide.mcu.externaltools.gnu-tools-for-stm32.13.3.rel1.win32_1.0.0.202411081344/tools/bin/../lib/gcc/arm-none-eabi/13.3.1/../../../../arm-none-eabi/lib/thumb/v6-m/nofp\libc_nano.a(libc_a-findfp.o) (_fwalk_sglue)
C:/ST/STM32CubeIDE_1.18.0/STM32CubeIDE/plugins/com.st.stm32cube.ide.mcu.externaltools.gnu-tools-for-stm32.13.3.rel1.win32_1.0.0.202411081344/tools/bin/../lib/gcc/arm-none-eabi/13.3.1/../../../../arm-none-eabi/lib/thumb/v6-m/nofp\libc_nano.a(libc_a-stdio.o)
                              C:/ST/STM32CubeIDE_1.18.0/STM32CubeIDE/plugins/com.st.stm32cube.ide.mcu.externaltools.gnu-tools-for-stm32.13.3.rel1.win32_1.0.0.202411081344/tools/bin/../lib/gcc/arm-none-eabi/13.3.1/../../../../arm-none-eabi/lib/thumb/v6-m/nofp\libc_nano.a(libc_a-findfp.o) (__sread)
C:/ST/STM32CubeIDE_1.18.0/STM32CubeIDE/plugins/com.st.stm32cube.ide.mcu.externaltools.gnu-tools-for-stm32.13.3.rel1.win32_1.0.0.202411081344/tools/bin/../lib/gcc/arm-none-eabi/13.3.1/../../../../arm-none-eabi/lib/thumb/v6-m/nofp\libc_nano.a(libc_a-memset.o)
                              C:/ST/STM32CubeIDE_1.18.0/STM32CubeIDE/plugins/com.st.stm32cube.ide.mcu.externaltools.gnu-tools-for-stm32.13.3.rel1.win32_1.0.0.202411081344/tools/bin/../lib/gcc/arm-none-eabi/13.3.1/../../../../arm-none-eabi/lib/thumb/v6-m/nofp/crt0.o (memset)
C:/ST/STM32CubeIDE_1.18.0/STM32CubeIDE/plugins/com.st.stm32cube.ide.mcu.externaltools.gnu-tools-for-stm32.13.3.rel1.win32_1.0.0.202411081344/tools/bin/../lib/gcc/arm-none-eabi/13.3.1/../../../../arm-none-eabi/lib/thumb/v6-m/nofp\libc_nano.a(libc_a-closer.o)
                              C:/ST/STM32CubeIDE_1.18.0/STM32CubeIDE/plugins/com.st.stm32cube.ide.mcu.externaltools.gnu-tools-for-stm32.13.3.rel1.win32_1.0.0.202411081344/tools/bin/../lib/gcc/arm-none-eabi/13.3.1/../../../../arm-none-eabi/lib/thumb/v6-m/nofp\libc_nano.a(libc_a-stdio.o) (_close_r)
C:/ST/STM32CubeIDE_1.18.0/STM32CubeIDE/plugins/com.st.stm32cube.ide.mcu.externaltools.gnu-tools-for-stm32.13.3.rel1.win32_1.0.0.202411081344/tools/bin/../lib/gcc/arm-none-eabi/13.3.1/../../../../arm-none-eabi/lib/thumb/v6-m/nofp\libc_nano.a(libc_a-reent.o)
                              C:/ST/STM32CubeIDE_1.18.0/STM32CubeIDE/plugins/com.st.stm32cube.ide.mcu.externaltools.gnu-tools-for-stm32.13.3.rel1.win32_1.0.0.202411081344/tools/bin/../lib/gcc/arm-none-eabi/13.3.1/../../../../arm-none-eabi/lib/thumb/v6-m/nofp\libc_nano.a(libc_a-closer.o) (errno)
C:/ST/STM32CubeIDE_1.18.0/STM32CubeIDE/plugins/com.st.stm32cube.ide.mcu.externaltools.gnu-tools-for-stm32.13.3.rel1.win32_1.0.0.202411081344/tools/bin/../lib/gcc/arm-none-eabi/13.3.1/../../../../arm-none-eabi/lib/thumb/v6-m/nofp\libc_nano.a(libc_a-impure.o)
                              C:/ST/STM32CubeIDE_1.18.0/STM32CubeIDE/plugins/com.st.stm32cube.ide.mcu.externaltools.gnu-tools-for-stm32.13.3.rel1.win32_1.0.0.202411081344/tools/bin/../lib/gcc/arm-none-eabi/13.3.1/../../../../arm-none-eabi/lib/thumb/v6-m/nofp\libc_nano.a(libc_a-reent.o) (_impure_ptr)
C:/ST/STM32CubeIDE_1.18.0/STM32CubeIDE/plugins/com.st.stm32cube.ide.mcu.externaltools.gnu-tools-for-stm32.13.3.rel1.win32_1.0.0.202411081344/tools/bin/../lib/gcc/arm-none-eabi/13.3.1/../../../../arm-none-eabi/lib/thumb/v6-m/nofp\libc_nano.a(libc_a-lseekr.o)
[...]
Memory Configuration

Name             Origin             Length             Attributes
RAM              0x20000000         0x00001800         xrw
FLASH            0x08000000         0x00004000         xr
*default*        0x00000000         0xffffffff

Linker script and memory map

LOAD C:/ST/STM32CubeIDE_1.18.0/STM32CubeIDE/plugins/com.st.stm32cube.ide.mcu.externaltools.gnu-tools-for-stm32.13.3.rel1.win32_1.0.0.202411081344/tools/bin/../lib/gcc/arm-none-eabi/13.3.1/thumb/v6-m/nofp/crti.o
LOAD C:/ST/STM32CubeIDE_1.18.0/STM32CubeIDE/plugins/com.st.stm32cube.ide.mcu.externaltools.gnu-tools-for-stm32.13.3.rel1.win32_1.0.0.202411081344/tools/bin/../lib/gcc/arm-none-eabi/13.3.1/thumb/v6-m/nofp/crtbegin.o
LOAD C:/ST/STM32CubeIDE_1.18.0/STM32CubeIDE/plugins/com.st.stm32cube.ide.mcu.externaltools.gnu-tools-for-stm32.13.3.rel1.win32_1.0.0.202411081344/tools/bin/../lib/gcc/arm-none-eabi/13.3.1/../../../../arm-none-eabi/lib/thumb/v6-m/nofp/crt0.o
LOAD ./Core/Src/cobs.o
LOAD ./Core/Src/dmx512.o
LOAD ./Core/Src/main.o
LOAD ./Core/Src/stm32c0xx_hal_msp.o
LOAD ./Core/Src/stm32c0xx_it.o
LOAD ./Core/Src/syscalls.o
LOAD ./Core/Src/sysmem.o
LOAD ./Core/Src/system_stm32c0xx.o
LOAD ./Core/Startup/startup_stm32c011f4ux.o
LOAD ./Drivers/STM32C0xx_HAL_Driver/Src/stm32c0xx_hal.o
LOAD ./Drivers/STM32C0xx_HAL_Driver/Src/stm32c0xx_hal_cortex.o
LOAD ./Drivers/STM32C0xx_HAL_Driver/Src/stm32c0xx_hal_dma.o
LOAD ./Drivers/STM32C0xx_HAL_Driver/Src/stm32c0xx_hal_dma_ex.o
LOAD ./Drivers/STM32C0xx_HAL_Driver/Src/stm32c0xx_hal_exti.o
LOAD ./Drivers/STM32C0xx_HAL_Driver/Src/stm32c0xx_hal_flash.o
LOAD ./Drivers/STM32C0xx_HAL_Driver/Src/stm32c0xx_hal_flash_ex.o
LOAD ./Drivers/STM32C0xx_HAL_Driver/Src/stm32c0xx_hal_gpio.o
LOAD ./Drivers/STM32C0xx_HAL_Driver/Src/stm32c0xx_hal_pwr.o
LOAD ./Drivers/STM32C0xx_HAL_Driver/Src/stm32c0xx_hal_pwr_ex.o
LOAD ./Drivers/STM32C0xx_HAL_Driver/Src/stm32c0xx_hal_rcc.o
LOAD ./Drivers/STM32C0xx_HAL_Driver/Src/stm32c0xx_hal_rcc_ex.o
LOAD ./Drivers/STM32C0xx_HAL_Driver/Src/stm32c0xx_hal_tim.o
LOAD ./Drivers/STM32C0xx_HAL_Driver/Src/stm32c0xx_hal_tim_ex.o
LOAD ./Drivers/STM32C0xx_HAL_Driver/Src/stm32c0xx_hal_uart.o
LOAD ./Drivers/STM32C0xx_HAL_Driver/Src/stm32c0xx_hal_uart_ex.o
START GROUP
LOAD C:/ST/STM32CubeIDE_1.18.0/STM32CubeIDE/plugins/com.st.stm32cube.ide.mcu.externaltools.gnu-tools-for-stm32.13.3.rel1.win32_1.0.0.202411081344/tools/bin/../lib/gcc/arm-none-eabi/13.3.1/../../../../arm-none-eabi/lib/thumb/v6-m/nofp\libc_nano.a
LOAD C:/ST/STM32CubeIDE_1.18.0/STM32CubeIDE/plugins/com.st.stm32cube.ide.mcu.externaltools.gnu-tools-for-stm32.13.3.rel1.win32_1.0.0.202411081344/tools/bin/../lib/gcc/arm-none-eabi/13.3.1/../../../../arm-none-eabi/lib/thumb/v6-m/nofp\libm.a
END GROUP
START GROUP
LOAD C:/ST/STM32CubeIDE_1.18.0/STM32CubeIDE/plugins/com.st.stm32cube.ide.mcu.externaltools.gnu-tools-for-stm32.13.3.rel1.win32_1.0.0.202411081344/tools/bin/../lib/gcc/arm-none-eabi/13.3.1/thumb/v6-m/nofp\libgcc.a
LOAD C:/ST/STM32CubeIDE_1.18.0/STM32CubeIDE/plugins/com.st.stm32cube.ide.mcu.externaltools.gnu-tools-for-stm32.13.3.rel1.win32_1.0.0.202411081344/tools/bin/../lib/gcc/arm-none-eabi/13.3.1/../../../../arm-none-eabi/lib/thumb/v6-m/nofp\libc_nano.a
END GROUP
START GROUP
LOAD C:/ST/STM32CubeIDE_1.18.0/STM32CubeIDE/plugins/com.st.stm32cube.ide.mcu.externaltools.gnu-tools-for-stm32.13.3.rel1.win32_1.0.0.202411081344/tools/bin/../lib/gcc/arm-none-eabi/13.3.1/thumb/v6-m/nofp\libgcc.a
LOAD C:/ST/STM32CubeIDE_1.18.0/STM32CubeIDE/plugins/com.st.stm32cube.ide.mcu.externaltools.gnu-tools-for-stm32.13.3.rel1.win32_1.0.0.202411081344/tools/bin/../lib/gcc/arm-none-eabi/13.3.1/../../../../arm-none-eabi/lib/thumb/v6-m/nofp\libc_nano.a
LOAD C:/ST/STM32CubeIDE_1.18.0/STM32CubeIDE/plugins/com.st.stm32cube.ide.mcu.externaltools.gnu-tools-for-stm32.13.3.rel1.win32_1.0.0.202411081344/tools/bin/../lib/gcc/arm-none-eabi/13.3.1/../../../../arm-none-eabi/lib/thumb/v6-m/nofp\libnosys.a
END GROUP
START GROUP
LOAD C:/ST/STM32CubeIDE_1.18.0/STM32CubeIDE/plugins/com.st.stm32cube.ide.mcu.externaltools.gnu-tools-for-stm32.13.3.rel1.win32_1.0.0.202411081344/tools/bin/../lib/gcc/arm-none-eabi/13.3.1/thumb/v6-m/nofp\libgcc.a
LOAD C:/ST/STM32CubeIDE_1.18.0/STM32CubeIDE/plugins/com.st.stm32cube.ide.mcu.externaltools.gnu-tools-for-stm32.13.3.rel1.win32_1.0.0.202411081344/tools/bin/../lib/gcc/arm-none-eabi/13.3.1/../../../../arm-none-eabi/lib/thumb/v6-m/nofp\libc_nano.a
LOAD C:/ST/STM32CubeIDE_1.18.0/STM32CubeIDE/plugins/com.st.stm32cube.ide.mcu.externaltools.gnu-tools-for-stm32.13.3.rel1.win32_1.0.0.202411081344/tools/bin/../lib/gcc/arm-none-eabi/13.3.1/../../../../arm-none-eabi/lib/thumb/v6-m/nofp\libnosys.a
END GROUP
LOAD C:/ST/STM32CubeIDE_1.18.0/STM32CubeIDE/plugins/com.st.stm32cube.ide.mcu.externaltools.gnu-tools-for-stm32.13.3.rel1.win32_1.0.0.202411081344/tools/bin/../lib/gcc/arm-none-eabi/13.3.1/thumb/v6-m/nofp/crtend.o
LOAD C:/ST/STM32CubeIDE_1.18.0/STM32CubeIDE/plugins/com.st.stm32cube.ide.mcu.externaltools.gnu-tools-for-stm32.13.3.rel1.win32_1.0.0.202411081344/tools/bin/../lib/gcc/arm-none-eabi/13.3.1/thumb/v6-m/nofp/crtn.o
                0x20001800                        _estack = (ORIGIN (RAM) + LENGTH (RAM))
                0x00000200                        _Min_Heap_Size = 0x200
                0x00000400                        _Min_Stack_Size = 0x400

.isr_vector     0x08000000       0xc0
                0x08000000                        . = ALIGN (0x4)
 *(.isr_vector)
 .isr_vector    0x08000000       0xc0 ./Core/Startup/startup_stm32c011f4ux.o
                0x08000000                g_pfnVectors
                0x080000c0                        . = ALIGN (0x4)

.text           0x080000c0     0x306c
                0x080000c0                        . = ALIGN (0x4)
 *(.text)
 .text          0x080000c0       0x48 C:/ST/STM32CubeIDE_1.18.0/STM32CubeIDE/plugins/com.st.stm32cube.ide.mcu.externaltools.gnu-tools-for-stm32.13.3.rel1.win32_1.0.0.202411081344/tools/bin/../lib/gcc/arm-none-eabi/13.3.1/thumb/v6-m/nofp/crtbegin.o
 .text          0x08000108      0x114 C:/ST/STM32CubeIDE_1.18.0/STM32CubeIDE/plugins/com.st.stm32cube.ide.mcu.externaltools.gnu-tools-for-stm32.13.3.rel1.win32_1.0.0.202411081344/tools/bin/../lib/gcc/arm-none-eabi/13.3.1/thumb/v6-m/nofp\libgcc.a(_udivsi3.o)
                0x08000108                __aeabi_uidiv
                0x08000108                __udivsi3
                0x08000214                __aeabi_uidivmod
 .text          0x0800021c      0x1d4 C:/ST/STM32CubeIDE_1.18.0/STM32CubeIDE/plugins/com.st.stm32cube.ide.mcu.externaltools.gnu-tools-for-stm32.13.3.rel1.win32_1.0.0.202411081344/tools/bin/../lib/gcc/arm-none-eabi/13.3.1/thumb/v6-m/nofp\libgcc.a(_divsi3.o)
                0x0800021c                __divsi3
                0x0800021c                __aeabi_idiv
                0x080003e8                __aeabi_idivmod
 .text          0x080003f0        0x4 C:/ST/STM32CubeIDE_1.18.0/STM32CubeIDE/plugins/com.st.stm32cube.ide.mcu.externaltools.gnu-tools-for-stm32.13.3.rel1.win32_1.0.0.202411081344/tools/bin/../lib/gcc/arm-none-eabi/13.3.1/thumb/v6-m/nofp\libgcc.a(_dvmd_tls.o)
                0x080003f0                __aeabi_idiv0
                0x080003f0                __aeabi_ldiv0
 *(.text*)
 .text.cobs_encode
                0x080003f4       0xa0 ./Core/Src/cobs.o
                0x080003f4                cobs_encode
 .text.DMX512_RxFlush
                0x08000494       0x5c ./Core/Src/dmx512.o
 .text.DMX512_Init
                0x080004f0       0x28 ./Core/Src/dmx512.o
                0x080004f0                DMX512_Init
 .text.DMX512_GetFrame
                0x08000518       0x40 ./Core/Src/dmx512.o
                0x08000518                DMX512_GetFrame
 .text.DMX512_Loop
                0x08000558       0xc8 ./Core/Src/dmx512.o
                0x08000558                DMX512_Loop
 .text.MX_GPIO_Init
                0x08000620       0x58 ./Core/Src/main.o
 .text.MX_DMA_Init
                0x08000678       0x30 ./Core/Src/main.o
 .text.HAL_TIM_PeriodElapsedCallback
                0x080006a8       0x24 ./Core/Src/main.o
                0x080006a8                HAL_TIM_PeriodElapsedCallback
 .text.HAL_UART_TxCpltCallback
                0x080006cc       0x1c ./Core/Src/main.o
                0x080006cc                HAL_UART_TxCpltCallback
 .text.Error_Handler
                0x080006e8        0x4 ./Core/Src/main.o
                0x080006e8                Error_Handler
 .text.MX_USART1_UART_Init
                0x080006ec       0x70 ./Core/Src/main.o
 .text.MX_TIM14_Init
                0x0800075c       0x30 ./Core/Src/main.o
 .text.MX_USART2_UART_Init
                0x0800078c       0x3c ./Core/Src/main.o
 .text.MX_TIM1_Init
                0x080007c8       0xcc ./Core/Src/main.o
 .text.SystemClock_Config
                0x08000894       0x6c ./Core/Src/main.o
                0x08000894                SystemClock_Config
 .text.main     0x08000900      0x1a0 ./Core/Src/main.o
                0x08000900                main
 .text.HAL_MspInit
                0x08000aa0       0x30 ./Core/Src/stm32c0xx_hal_msp.o
                0x08000aa0                HAL_MspInit
 .text.HAL_TIM_PWM_MspInit
                0x08000ad0       0x2c ./Core/Src/stm32c0xx_hal_msp.o
                0x08000ad0                HAL_TIM_PWM_MspInit
 .text.HAL_TIM_Base_MspInit
                0x08000afc       0x40 ./Core/Src/stm32c0xx_hal_msp.o
                0x08000afc                HAL_TIM_Base_MspInit
 .text.HAL_TIM_MspPostInit
                0x08000b3c       0x4c ./Core/Src/stm32c0xx_hal_msp.o
                0x08000b3c                HAL_TIM_MspPostInit
 .text.HAL_UART_MspInit
                0x08000b88      0x118 ./Core/Src/stm32c0xx_hal_msp.o
                0x08000b88                HAL_UART_MspInit
 .text.NMI_Handler
                0x08000ca0        0x2 ./Core/Src/stm32c0xx_it.o
                0x08000ca0                NMI_Handler
 .text.HardFault_Handler
                0x08000ca2        0x2 ./Core/Src/stm32c0xx_it.o
                0x08000ca2                HardFault_Handler
 .text.SVC_Handler
                0x08000ca4        0x2 ./Core/Src/stm32c0xx_it.o
                0x08000ca4                SVC_Handler
 .text.PendSV_Handler
                0x08000ca6        0x2 ./Core/Src/stm32c0xx_it.o
                0x08000ca6                PendSV_Handler
 .text.SysTick_Handler
                0x08000ca8        0x8 ./Core/Src/stm32c0xx_it.o
                0x08000ca8                SysTick_Handler
 .text.DMA1_Channel1_IRQHandler
                0x08000cb0       0x10 ./Core/Src/stm32c0xx_it.o
                0x08000cb0                DMA1_Channel1_IRQHandler
 .text.TIM14_IRQHandler
                0x08000cc0       0x10 ./Core/Src/stm32c0xx_it.o
                0x08000cc0                TIM14_IRQHandler
 .text.USART2_IRQHandler
                0x08000cd0       0x10 ./Core/Src/stm32c0xx_it.o
                0x08000cd0                USART2_IRQHandler
 .text.SystemInit
                0x08000ce0       0x10 ./Core/Src/system_stm32c0xx.o
                0x08000ce0                SystemInit
 .text.Reset_Handler
                0x08000cf0       0x50 ./Core/Startup/startup_stm32c011f4ux.o
                0x08000cf0                Reset_Handler
 .text.Default_Handler
                0x08000d40        0x2 ./Core/Startup/startup_stm32c011f4ux.o
                0x08000d40                TIM1_CC_IRQHandler
                0x08000d40                I2C1_IRQHandler
                0x08000d40                DMAMUX1_IRQHandler
                0x08000d40                SPI1_IRQHandler
                0x08000d40                EXTI2_3_IRQHandler
                0x08000d40                ADC1_IRQHandler
                0x08000d40                TIM17_IRQHandler
                0x08000d40                RTC_IRQHandler
                0x08000d40                TIM16_IRQHandler
                0x08000d40                TIM3_IRQHandler
                0x08000d40                EXTI4_15_IRQHandler
                0x08000d40                RCC_IRQHandler
                0x08000d40                Default_Handler
                0x08000d40                EXTI0_1_IRQHandler
                0x08000d40                WWDG_IRQHandler
                0x08000d40                DMA1_Channel2_3_IRQHandler
                0x08000d40                FLASH_IRQHandler
                0x08000d40                USART1_IRQHandler
                0x08000d40                TIM1_BRK_UP_TRG_COM_IRQHandler
 *fill*         0x08000d42        0x2 
 .text.HAL_InitTick
                0x08000d44       0x58 ./Drivers/STM32C0xx_HAL_Driver/Src/stm32c0xx_hal.o
                0x08000d44                HAL_InitTick
 .text.HAL_Init
                0x08000d9c       0x18 ./Drivers/STM32C0xx_HAL_Driver/Src/stm32c0xx_hal.o
                0x08000d9c                HAL_Init
 .text.HAL_IncTick
                0x08000db4       0x18 ./Drivers/STM32C0xx_HAL_Driver/Src/stm32c0xx_hal.o
                0x08000db4                HAL_IncTick
 .text.HAL_GetTick
                0x08000dcc        0xc ./Drivers/STM32C0xx_HAL_Driver/Src/stm32c0xx_hal.o
                0x08000dcc                HAL_GetTick
 .text.__NVIC_SetPriority
                0x08000dd8       0x60 ./Drivers/STM32C0xx_HAL_Driver/Src/stm32c0xx_hal_cortex.o
 .text.SysTick_Config
                0x08000e38       0x38 ./Drivers/STM32C0xx_HAL_Driver/Src/stm32c0xx_hal_cortex.o
 .text.HAL_NVIC_SetPriority
                0x08000e70        0x8 ./Drivers/STM32C0xx_HAL_Driver/Src/stm32c0xx_hal_cortex.o
                0x08000e70                HAL_NVIC_SetPriority
 .text.HAL_NVIC_EnableIRQ
                0x08000e78       0x18 ./Drivers/STM32C0xx_HAL_Driver/Src/stm32c0xx_hal_cortex.o
                0x08000e78                HAL_NVIC_EnableIRQ
 .text.HAL_SYSTICK_Config
                0x08000e90        0x8 ./Drivers/STM32C0xx_HAL_Driver/Src/stm32c0xx_hal_cortex.o
                0x08000e90                HAL_SYSTICK_Config
 .text.DMA_SetConfig
                0x08000e98       0x48 ./Drivers/STM32C0xx_HAL_Driver/Src/stm32c0xx_hal_dma.o
 .text.DMA_CalcDMAMUXChannelBaseAndMask
                0x08000ee0       0x38 ./Drivers/STM32C0xx_HAL_Driver/Src/stm32c0xx_hal_dma.o
 .text.DMA_CalcDMAMUXRequestGenBaseAndMask
                0x08000f18       0x28 ./Drivers/STM32C0xx_HAL_Driver/Src/stm32c0xx_hal_dma.o
 .text.HAL_DMA_Init
                0x08000f40       0xb0 ./Drivers/STM32C0xx_HAL_Driver/Src/stm32c0xx_hal_dma.o
                0x08000f40                HAL_DMA_Init
 .text.HAL_DMA_Start_IT
                0x08000ff0       0x9e ./Drivers/STM32C0xx_HAL_Driver/Src/stm32c0xx_hal_dma.o
                0x08000ff0                HAL_DMA_Start_IT
 *fill*         0x0800108e        0x2 
 .text.HAL_DMA_Abort
                0x08001090       0x80 ./Drivers/STM32C0xx_HAL_Driver/Src/stm32c0xx_hal_dma.o
                0x08001090                HAL_DMA_Abort
 .text.HAL_DMA_Abort_IT
                0x08001110       0x88 ./Drivers/STM32C0xx_HAL_Driver/Src/stm32c0xx_hal_dma.o
                0x08001110                HAL_DMA_Abort_IT
 .text.HAL_DMA_IRQHandler
                0x08001198       0xcc ./Drivers/STM32C0xx_HAL_Driver/Src/stm32c0xx_hal_dma.o
                0x08001198                HAL_DMA_IRQHandler
 .text.HAL_GPIO_Init
                0x08001264      0x1b0 ./Drivers/STM32C0xx_HAL_Driver/Src/stm32c0xx_hal_gpio.o
                0x08001264                HAL_GPIO_Init
 .text.HAL_GPIO_WritePin
                0x08001414        0xc ./Drivers/STM32C0xx_HAL_Driver/Src/stm32c0xx_hal_gpio.o
                0x08001414                HAL_GPIO_WritePin
 .text.HAL_GPIO_TogglePin
                0x08001420       0x10 ./Drivers/STM32C0xx_HAL_Driver/Src/stm32c0xx_hal_gpio.o
                0x08001420                HAL_GPIO_TogglePin
 .text.HAL_RCC_OscConfig
                0x08001430      0x2bc ./Drivers/STM32C0xx_HAL_Driver/Src/stm32c0xx_hal_rcc.o
                0x08001430                HAL_RCC_OscConfig
 .text.HAL_RCC_GetSysClockFreq
                0x080016ec       0x60 ./Drivers/STM32C0xx_HAL_Driver/Src/stm32c0xx_hal_rcc.o
                0x080016ec                HAL_RCC_GetSysClockFreq
 .text.HAL_RCC_ClockConfig
                0x0800174c      0x184 ./Drivers/STM32C0xx_HAL_Driver/Src/stm32c0xx_hal_rcc.o
                0x0800174c                HAL_RCC_ClockConfig
 .text.HAL_RCC_GetHCLKFreq
                0x080018d0       0x30 ./Drivers/STM32C0xx_HAL_Driver/Src/stm32c0xx_hal_rcc.o
                0x080018d0                HAL_RCC_GetHCLKFreq
 .text.HAL_RCC_GetPCLK1Freq
                0x08001900       0x28 ./Drivers/STM32C0xx_HAL_Driver/Src/stm32c0xx_hal_rcc.o
                0x08001900                HAL_RCC_GetPCLK1Freq
 .text.HAL_RCCEx_PeriphCLKConfig
                0x08001928      0x134 ./Drivers/STM32C0xx_HAL_Driver/Src/stm32c0xx_hal_rcc_ex.o
                0x08001928                HAL_RCCEx_PeriphCLKConfig
 .text.TIM_OC1_SetConfig
                0x08001a5c       0x80 ./Drivers/STM32C0xx_HAL_Driver/Src/stm32c0xx_hal_tim.o
 .text.TIM_OC3_SetConfig
                0x08001adc       0x84 ./Drivers/STM32C0xx_HAL_Driver/Src/stm32c0xx_hal_tim.o
 .text.TIM_OC4_SetConfig
                0x08001b60       0x68 ./Drivers/STM32C0xx_HAL_Driver/Src/stm32c0xx_hal_tim.o
 .text.TIM_OC5_SetConfig
                0x08001bc8       0x64 ./Drivers/STM32C0xx_HAL_Driver/Src/stm32c0xx_hal_tim.o
 .text.TIM_OC6_SetConfig
                0x08001c2c       0x68 ./Drivers/STM32C0xx_HAL_Driver/Src/stm32c0xx_hal_tim.o
 .text.HAL_TIM_Base_Start_IT
                0x08001c94       0x68 ./Drivers/STM32C0xx_HAL_Driver/Src/stm32c0xx_hal_tim.o
                0x08001c94                HAL_TIM_Base_Start_IT
 .text.HAL_TIM_OC_DelayElapsedCallback
                0x08001cfc        0x2 ./Drivers/STM32C0xx_HAL_Driver/Src/stm32c0xx_hal_tim.o
                0x08001cfc                HAL_TIM_OC_DelayElapsedCallback
 .text.HAL_TIM_IC_CaptureCallback
                0x08001cfe        0x2 ./Drivers/STM32C0xx_HAL_Driver/Src/stm32c0xx_hal_tim.o
                0x08001cfe                HAL_TIM_IC_CaptureCallback
 .text.HAL_TIM_PWM_PulseFinishedCallback
                0x08001d00        0x2 ./Drivers/STM32C0xx_HAL_Driver/Src/stm32c0xx_hal_tim.o
                0x08001d00                HAL_TIM_PWM_PulseFinishedCallback
 .text.HAL_TIM_TriggerCallback
                0x08001d02        0x2 ./Drivers/STM32C0xx_HAL_Driver/Src/stm32c0xx_hal_tim.o
                0x08001d02                HAL_TIM_TriggerCallback
 .text.HAL_TIM_IRQHandler
                0x08001d04      0x160 ./Drivers/STM32C0xx_HAL_Driver/Src/stm32c0xx_hal_tim.o
                0x08001d04                HAL_TIM_IRQHandler
 .text.TIM_Base_SetConfig
                0x08001e64       0x8c ./Drivers/STM32C0xx_HAL_Driver/Src/stm32c0xx_hal_tim.o
                0x08001e64                TIM_Base_SetConfig
 .text.HAL_TIM_Base_Init
                0x08001ef0       0x60 ./Drivers/STM32C0xx_HAL_Driver/Src/stm32c0xx_hal_tim.o
                0x08001ef0                HAL_TIM_Base_Init
 .text.HAL_TIM_PWM_Init
                0x08001f50       0x60 ./Drivers/STM32C0xx_HAL_Driver/Src/stm32c0xx_hal_tim.o
                0x08001f50                HAL_TIM_PWM_Init
 .text.TIM_OC2_SetConfig
                0x08001fb0       0x78 ./Drivers/STM32C0xx_HAL_Driver/Src/stm32c0xx_hal_tim.o
                0x08001fb0                TIM_OC2_SetConfig
 .text.HAL_TIM_PWM_ConfigChannel
                0x08002028      0x144 ./Drivers/STM32C0xx_HAL_Driver/Src/stm32c0xx_hal_tim.o
                0x08002028                HAL_TIM_PWM_ConfigChannel
 .text.TIM_CCxChannelCmd
                0x0800216c       0x1a ./Drivers/STM32C0xx_HAL_Driver/Src/stm32c0xx_hal_tim.o
                0x0800216c                TIM_CCxChannelCmd
 *fill*         0x08002186        0x2 
 .text.HAL_TIM_PWM_Start
                0x08002188      0x124 ./Drivers/STM32C0xx_HAL_Driver/Src/stm32c0xx_hal_tim.o
                0x08002188                HAL_TIM_PWM_Start
 .text.HAL_TIMEx_MasterConfigSynchronization
                0x080022ac       0x70 ./Drivers/STM32C0xx_HAL_Driver/Src/stm32c0xx_hal_tim_ex.o
                0x080022ac                HAL_TIMEx_MasterConfigSynchronization
 .text.HAL_TIMEx_ConfigBreakDeadTime
                0x0800231c       0xc4 ./Drivers/STM32C0xx_HAL_Driver/Src/stm32c0xx_hal_tim_ex.o
                0x0800231c                HAL_TIMEx_ConfigBreakDeadTime
 .text.HAL_TIMEx_CommutCallback
                0x080023e0        0x2 ./Drivers/STM32C0xx_HAL_Driver/Src/stm32c0xx_hal_tim_ex.o
                0x080023e0                HAL_TIMEx_CommutCallback
 .text.HAL_TIMEx_BreakCallback
                0x080023e2        0x2 ./Drivers/STM32C0xx_HAL_Driver/Src/stm32c0xx_hal_tim_ex.o
                0x080023e2                HAL_TIMEx_BreakCallback
 .text.HAL_TIMEx_Break2Callback
                0x080023e4        0x2 ./Drivers/STM32C0xx_HAL_Driver/Src/stm32c0xx_hal_tim_ex.o
                0x080023e4                HAL_TIMEx_Break2Callback
 *fill*         0x080023e6        0x2 
 .text.UART_EndTxTransfer
                0x080023e8       0x3c ./Drivers/STM32C0xx_HAL_Driver/Src/stm32c0xx_hal_uart.o
 .text.UART_EndRxTransfer
                0x08002424       0x64 ./Drivers/STM32C0xx_HAL_Driver/Src/stm32c0xx_hal_uart.o
 .text.HAL_UART_Transmit_DMA
                0x08002488       0xbc ./Drivers/STM32C0xx_HAL_Driver/Src/stm32c0xx_hal_uart.o
                0x08002488                HAL_UART_Transmit_DMA
 .text.UART_DMATransmitCplt
                0x08002544       0x4a ./Drivers/STM32C0xx_HAL_Driver/Src/stm32c0xx_hal_uart.o
 .text.UART_EndTransmit_IT
                0x0800258e       0x2a ./Drivers/STM32C0xx_HAL_Driver/Src/stm32c0xx_hal_uart.o
 .text.HAL_UART_TxHalfCpltCallback
                0x080025b8        0x2 ./Drivers/STM32C0xx_HAL_Driver/Src/stm32c0xx_hal_uart.o
                0x080025b8                HAL_UART_TxHalfCpltCallback
 .text.UART_DMATxHalfCplt
                0x080025ba        0xa ./Drivers/STM32C0xx_HAL_Driver/Src/stm32c0xx_hal_uart.o
 .text.HAL_UART_ErrorCallback
                0x080025c4        0x2 ./Drivers/STM32C0xx_HAL_Driver/Src/stm32c0xx_hal_uart.o
                0x080025c4                HAL_UART_ErrorCallback
 .text.UART_DMAError
                0x080025c6       0x52 ./Drivers/STM32C0xx_HAL_Driver/Src/stm32c0xx_hal_uart.o
 .text.UART_DMAAbortOnError
                0x08002618       0x10 ./Drivers/STM32C0xx_HAL_Driver/Src/stm32c0xx_hal_uart.o
 .text.HAL_UARTEx_RxEventCallback
                0x08002628        0x2 ./Drivers/STM32C0xx_HAL_Driver/Src/stm32c0xx_hal_uart.o
                0x08002628                HAL_UARTEx_RxEventCallback
 *fill*         0x0800262a        0x2 
 .text.HAL_UART_IRQHandler
                0x0800262c      0x334 ./Drivers/STM32C0xx_HAL_Driver/Src/stm32c0xx_hal_uart.o
                0x0800262c                HAL_UART_IRQHandler
 .text.UART_SetConfig
                0x08002960      0x1c4 ./Drivers/STM32C0xx_HAL_Driver/Src/stm32c0xx_hal_uart.o
                0x08002960                UART_SetConfig
 .text.UART_AdvFeatureConfig
                0x08002b24       0xe0 ./Drivers/STM32C0xx_HAL_Driver/Src/stm32c0xx_hal_uart.o
                0x08002b24                UART_AdvFeatureConfig
 .text.UART_WaitOnFlagUntilTimeout
                0x08002c04       0x9e ./Drivers/STM32C0xx_HAL_Driver/Src/stm32c0xx_hal_uart.o
                0x08002c04                UART_WaitOnFlagUntilTimeout
 .text.HAL_UART_Transmit
                0x08002ca2       0xfc ./Drivers/STM32C0xx_HAL_Driver/Src/stm32c0xx_hal_uart.o
                0x08002ca2                HAL_UART_Transmit
 *fill*         0x08002d9e        0x2 
 .text.UART_CheckIdleState
                0x08002da0       0xd4 ./Drivers/STM32C0xx_HAL_Driver/Src/stm32c0xx_hal_uart.o
                0x08002da0                UART_CheckIdleState
 .text.HAL_UART_Init
                0x08002e74       0x70 ./Drivers/STM32C0xx_HAL_Driver/Src/stm32c0xx_hal_uart.o
                0x08002e74                HAL_UART_Init
 .text.HAL_LIN_Init
                0x08002ee4       0xa4 ./Drivers/STM32C0xx_HAL_Driver/Src/stm32c0xx_hal_uart.o
                0x08002ee4                HAL_LIN_Init
 .text.UARTEx_SetNbDataToProcess
                0x08002f88       0x50 ./Drivers/STM32C0xx_HAL_Driver/Src/stm32c0xx_hal_uart_ex.o
 .text.HAL_UARTEx_WakeupCallback
                0x08002fd8        0x2 ./Drivers/STM32C0xx_HAL_Driver/Src/stm32c0xx_hal_uart_ex.o
                0x08002fd8                HAL_UARTEx_WakeupCallback
 .text.HAL_UARTEx_RxFifoFullCallback
                0x08002fda        0x2 ./Drivers/STM32C0xx_HAL_Driver/Src/stm32c0xx_hal_uart_ex.o
                0x08002fda                HAL_UARTEx_RxFifoFullCallback
 .text.HAL_UARTEx_TxFifoEmptyCallback
                0x08002fdc        0x2 ./Drivers/STM32C0xx_HAL_Driver/Src/stm32c0xx_hal_uart_ex.o
                0x08002fdc                HAL_UARTEx_TxFifoEmptyCallback
 *fill*         0x08002fde        0x2 
 .text.HAL_UARTEx_DisableFifoMode
                0x08002fe0       0x40 ./Drivers/STM32C0xx_HAL_Driver/Src/stm32c0xx_hal_uart_ex.o
                0x08002fe0                HAL_UARTEx_DisableFifoMode
 .text.HAL_UARTEx_SetTxFifoThreshold
                0x08003020       0x4a ./Drivers/STM32C0xx_HAL_Driver/Src/stm32c0xx_hal_uart_ex.o
                0x08003020                HAL_UARTEx_SetTxFifoThreshold
 *fill*         0x0800306a        0x2 
 .text.HAL_UARTEx_SetRxFifoThreshold
                0x0800306c       0x50 ./Drivers/STM32C0xx_HAL_Driver/Src/stm32c0xx_hal_uart_ex.o
                0x0800306c                HAL_UARTEx_SetRxFifoThreshold
 .text.memset   0x080030bc       0x10 C:/ST/STM32CubeIDE_1.18.0/STM32CubeIDE/plugins/com.st.stm32cube.ide.mcu.externaltools.gnu-tools-for-stm32.13.3.rel1.win32_1.0.0.202411081344/tools/bin/../lib/gcc/arm-none-eabi/13.3.1/../../../../arm-none-eabi/lib/thumb/v6-m/nofp\libc_nano.a(libc_a-memset.o)
                0x080030bc                memset
 .text.__libc_init_array
                0x080030cc       0x48 C:/ST/STM32CubeIDE_1.18.0/STM32CubeIDE/plugins/com.st.stm32cube.ide.mcu.externaltools.gnu-tools-for-stm32.13.3.rel1.win32_1.0.0.202411081344/tools/bin/../lib/gcc/arm-none-eabi/13.3.1/../../../../arm-none-eabi/lib/thumb/v6-m/nofp\libc_nano.a(libc_a-init.o)
                0x080030cc                __libc_init_array
 *(.glue_7)
 .glue_7        0x08003114        0x0 linker stubs
 *(.glue_7t)
 .glue_7t       0x08003114        0x0 linker stubs
 *(.eh_frame)
 .eh_frame      0x08003114        0x0 C:/ST/STM32CubeIDE_1.18.0/STM32CubeIDE/plugins/com.st.stm32cube.ide.mcu.externaltools.gnu-tools-for-stm32.13.3.rel1.win32_1.0.0.202411081344/tools/bin/../lib/gcc/arm-none-eabi/13.3.1/thumb/v6-m/nofp/crtbegin.o
 *(.init)
 .init          0x08003114        0x4 C:/ST/STM32CubeIDE_1.18.0/STM32CubeIDE/plugins/com.st.stm32cube.ide.mcu.externaltools.gnu-tools-for-stm32.13.3.rel1.win32_1.0.0.202411081344/tools/bin/../lib/gcc/arm-none-eabi/13.3.1/thumb/v6-m/nofp/crti.o
                0x08003114                _init
 .init          0x08003118        0x8 C:/ST/STM32CubeIDE_1.18.0/STM32CubeIDE/plugins/com.st.stm32cube.ide.mcu.externaltools.gnu-tools-for-stm32.13.3.rel1.win32_1.0.0.202411081344/tools/bin/../lib/gcc/arm-none-eabi/13.3.1/thumb/v6-m/nofp/crtn.o
 *(.fini)
 .fini          0x08003120        0x4 C:/ST/STM32CubeIDE_1.18.0/STM32CubeIDE/plugins/com.st.stm32cube.ide.mcu.externaltools.gnu-tools-for-stm32.13.3.rel1.win32_1.0.0.202411081344/tools/bin/../lib/gcc/arm-none-eabi/13.3.1/thumb/v6-m/nofp/crti.o
                0x08003120                _fini
 .fini          0x08003124        0x8 C:/ST/STM32CubeIDE_1.18.0/STM32CubeIDE/plugins/com.st.stm32cube.ide.mcu.externaltools.gnu-tools-for-stm32.13.3.rel1.win32_1.0.0.202411081344/tools/bin/../lib/gcc/arm-none-eabi/13.3.1/thumb/v6-m/nofp/crtn.o
                0x0800312c                        . = ALIGN (0x4)
                0x0800312c                        _etext = .

.vfp11_veneer   0x0800312c        0x0
 .vfp11_veneer  0x0800312c        0x0 linker stubs

.v4_bx          0x0800312c        0x0
 .v4_bx         0x0800312c        0x0 linker stubs

.iplt           0x0800312c        0x0
 .iplt          0x0800312c        0x0 C:/ST/STM32CubeIDE_1.18.0/STM32CubeIDE/plugins/com.st.stm32cube.ide.mcu.externaltools.gnu-tools-for-stm32.13.3.rel1.win32_1.0.0.202411081344/tools/bin/../lib/gcc/arm-none-eabi/13.3.1/thumb/v6-m/nofp/crtbegin.o

.rodata         0x0800312c      0x164
                0x0800312c                        . = ALIGN (0x4)
 *(.rodata)
 *(.rodata*)
 .rodata.APBPrescTable
                0x0800312c       0x20 ./Core/Src/system_stm32c0xx.o
                0x0800312c                APBPrescTable
 .rodata.AHBPrescTable
                0x0800314c       0x40 ./Core/Src/system_stm32c0xx.o
                0x0800314c                AHBPrescTable
 .rodata.HAL_TIM_PWM_ConfigChannel
                0x0800318c       0x54 ./Drivers/STM32C0xx_HAL_Driver/Src/stm32c0xx_hal_tim.o
 .rodata.HAL_TIM_PWM_Start
                0x080031e0       0x88 ./Drivers/STM32C0xx_HAL_Driver/Src/stm32c0xx_hal_tim.o
 .rodata.UARTPrescTable
                0x08003268       0x18 ./Drivers/STM32C0xx_HAL_Driver/Src/stm32c0xx_hal_uart.o
                0x08003268                UARTPrescTable
 .rodata.denominator.0
                0x08003280        0x8 ./Drivers/STM32C0xx_HAL_Driver/Src/stm32c0xx_hal_uart_ex.o
 .rodata.numerator.1
                0x08003288        0x8 ./Drivers/STM32C0xx_HAL_Driver/Src/stm32c0xx_hal_uart_ex.o
                0x08003290                        . = ALIGN (0x4)

.ARM.extab      0x08003290        0x0
                0x08003290                        . = ALIGN (0x4)
 *(.ARM.extab* .gnu.linkonce.armextab.*)
                0x08003290                        . = ALIGN (0x4)

.ARM            0x08003290        0x0
                0x08003290                        . = ALIGN (0x4)
                0x08003290                        __exidx_start = .
 *(.ARM.exidx*)
                0x08003290                        __exidx_end = .
                0x08003290                        . = ALIGN (0x4)

.preinit_array  0x08003290        0x0
                0x08003290                        . = ALIGN (0x4)
                0x08003290                        PROVIDE (__preinit_array_start = .)
 *(.preinit_array*)
                0x08003290                        PROVIDE (__preinit_array_end = .)
                0x08003290                        . = ALIGN (0x4)

.init_array     0x08003290        0x4
                0x08003290                        . = ALIGN (0x4)
                0x08003290                        PROVIDE (__init_array_start = .)
 *(SORT_BY_NAME(.init_array.*))
 *(.init_array*)
 .init_array    0x08003290        0x4 C:/ST/STM32CubeIDE_1.18.0/STM32CubeIDE/plugins/com.st.stm32cube.ide.mcu.externaltools.gnu-tools-for-stm32.13.3.rel1.win32_1.0.0.202411081344/tools/bin/../lib/gcc/arm-none-eabi/13.3.1/thumb/v6-m/nofp/crtbegin.o
                0x08003294                        PROVIDE (__init_array_end = .)
                0x08003294                        . = ALIGN (0x4)

.fini_array     0x08003294        0x4
                0x08003294                        . = ALIGN (0x4)
                [!provide]                        PROVIDE (__fini_array_start = .)
 *(SORT_BY_NAME(.fini_array.*))
 *(.fini_array*)
 .fini_array    0x08003294        0x4 C:/ST/STM32CubeIDE_1.18.0/STM32CubeIDE/plugins/com.st.stm32cube.ide.mcu.externaltools.gnu-tools-for-stm32.13.3.rel1.win32_1.0.0.202411081344/tools/bin/../lib/gcc/arm-none-eabi/13.3.1/thumb/v6-m/nofp/crtbegin.o
                [!provide]                        PROVIDE (__fini_array_end = .)
                0x08003298                        . = ALIGN (0x4)
                0x08003298                        _sidata = LOADADDR (.data)

.rel.dyn        0x08003298        0x0
 .rel.iplt      0x08003298        0x0 C:/ST/STM32CubeIDE_1.18.0/STM32CubeIDE/plugins/com.st.stm32cube.ide.mcu.externaltools.gnu-tools-for-stm32.13.3.rel1.win32_1.0.0.202411081344/tools/bin/../lib/gcc/arm-none-eabi/13.3.1/thumb/v6-m/nofp/crtbegin.o

.data           0x20000000        0xc load address 0x08003298
                0x20000000                        . = ALIGN (0x4)
                0x20000000                        _sdata = .
 *(.data)
 *(.data*)
 .data.SystemCoreClock
                0x20000000        0x4 ./Core/Src/system_stm32c0xx.o
                0x20000000                SystemCoreClock
 .data.uwTickFreq
                0x20000004        0x1 ./Drivers/STM32C0xx_HAL_Driver/Src/stm32c0xx_hal.o
                0x20000004                uwTickFreq
 *fill*         0x20000005        0x3 
 .data.uwTickPrio
                0x20000008        0x4 ./Drivers/STM32C0xx_HAL_Driver/Src/stm32c0xx_hal.o
                0x20000008                uwTickPrio
 *(.RamFunc)
 *(.RamFunc*)
                0x2000000c                        . = ALIGN (0x4)
                0x2000000c                        _edata = .

.igot.plt       0x2000000c        0x0 load address 0x080032a4
 .igot.plt      0x2000000c        0x0 C:/ST/STM32CubeIDE_1.18.0/STM32CubeIDE/plugins/com.st.stm32cube.ide.mcu.externaltools.gnu-tools-for-stm32.13.3.rel1.win32_1.0.0.202411081344/tools/bin/../lib/gcc/arm-none-eabi/13.3.1/thumb/v6-m/nofp/crtbegin.o
                0x2000000c                        . = ALIGN (0x4)

.bss            0x2000000c      0xa7c load address 0x080032a4
                0x2000000c                        _sbss = .
                0x2000000c                        __bss_start__ = _sbss
 *(.bss)
 .bss           0x2000000c       0x1c C:/ST/STM32CubeIDE_1.18.0/STM32CubeIDE/plugins/com.st.stm32cube.ide.mcu.externaltools.gnu-tools-for-stm32.13.3.rel1.win32_1.0.0.202411081344/tools/bin/../lib/gcc/arm-none-eabi/13.3.1/thumb/v6-m/nofp/crtbegin.o
 *(.bss*)
 .bss.rx_queue  0x20000028      0x60e ./Core/Src/dmx512.o
                0x20000028                rx_queue
 *fill*         0x20000636        0x2 
 .bss.led1_blink_start
                0x20000638        0x4 ./Core/Src/main.o
                0x20000638                led1_blink_start
 .bss.led1_blink_state
                0x2000063c        0x1 ./Core/Src/main.o
                0x2000063c                led1_blink_state
 *fill*         0x2000063d        0x3 
 .bss.last_dmx_frame_time
                0x20000640        0x4 ./Core/Src/main.o
                0x20000640                last_dmx_frame_time
 .bss.current_frame
                0x20000644        0x4 ./Core/Src/main.o
                0x20000644                current_frame
 .bss.freq_monitor_start
                0x20000648        0x4 ./Core/Src/main.o
                0x20000648                freq_monitor_start
 .bss.timer_isr_freq
                0x2000064c        0x4 ./Core/Src/main.o
                0x2000064c                timer_isr_freq
 .bss.timer_isr_count
                0x20000650        0x4 ./Core/Src/main.o
                0x20000650                timer_isr_count
 .bss.main_loop_freq
                0x20000654        0x4 ./Core/Src/main.o
                0x20000654                main_loop_freq
 .bss.main_loop_count
                0x20000658        0x4 ./Core/Src/main.o
                0x20000658                main_loop_count
 .bss.hdma_usart2_tx
                0x2000065c       0x5c ./Core/Src/main.o
                0x2000065c                hdma_usart2_tx
 .bss.huart2    0x200006b8       0x94 ./Core/Src/main.o
                0x200006b8                huart2
 .bss.huart1    0x2000074c       0x94 ./Core/Src/main.o
                0x2000074c                huart1
 .bss.htim14    0x200007e0       0x4c ./Core/Src/main.o
                0x200007e0                htim14
 .bss.htim1     0x2000082c       0x4c ./Core/Src/main.o
                0x2000082c                htim1
 .bss.usart2_tx_busy
                0x20000878        0x1 ./Core/Src/main.o
                0x20000878                usart2_tx_busy
 *fill*         0x20000879        0x3 
 .bss.usart2_tx_buf
                0x2000087c      0x206 ./Core/Src/main.o
                0x2000087c                usart2_tx_buf
 *fill*         0x20000a82        0x2 
 .bss.uwTick    0x20000a84        0x4 ./Drivers/STM32C0xx_HAL_Driver/Src/stm32c0xx_hal.o
                0x20000a84                uwTick
 *(COMMON)
                0x20000a88                        . = ALIGN (0x4)
                0x20000a88                        _ebss = .
                0x20000a88                        __bss_end__ = _ebss

._user_heap_stack
                0x20000a88      0x600 load address 0x080032a4
                0x20000a88                        . = ALIGN (0x8)
                [!provide]                        PROVIDE (end = .)
                0x20000a88                        PROVIDE (_end = .)
                0x20000c88                        . = (. + _Min_Heap_Size)
 *fill*         0x20000a88      0x200 
                0x20001088                        . = (. + _Min_Stack_Size)
 *fill*         0x20000c88      0x400 
                0x20001088                        . = ALIGN (0x8)

/DISCARD/
 libc.a(*)
 libm.a(*)
 libgcc.a(*)

.ARM.attributes
                0x00000000       0x28
 *(.ARM.attributes)
 .ARM.attributes
                0x00000000       0x1e C:/ST/STM32CubeIDE_1.18.0/STM32CubeIDE/plugins/com.st.stm32cube.ide.mcu.externaltools.gnu-tools-for-stm32.13.3.rel1.win32_1.0.0.202411081344/tools/bin/../lib/gcc/arm-none-eabi/13.3.1/thumb/v6-m/nofp/crti.o
 .ARM.attributes
                0x0000001e       0x2c C:/ST/STM32CubeIDE_1.18.0/STM32CubeIDE/plugins/com.st.stm32cube.ide.mcu.externaltools.gnu-tools-for-stm32.13.3.rel1.win32_1.0.0.202411081344/tools/bin/../lib/gcc/arm-none-eabi/13.3.1/thumb/v6-m/nofp/crtbegin.o
 .ARM.attributes
                0x0000004a       0x2c ./Core/Src/cobs.o
 .ARM.attributes
                0x00000076       0x2c ./Core/Src/dmx512.o
 .ARM.attributes
                0x000000a2       0x2c ./Core/Src/main.o
 .ARM.attributes
                0x000000ce       0x2c ./Core/Src/stm32c0xx_hal_msp.o
 .ARM.attributes
                0x000000fa       0x2c ./Core/Src/stm32c0xx_it.o
 .ARM.attributes
                0x00000126       0x2c ./Core/Src/system_stm32c0xx.o
 .ARM.attributes
                0x00000152       0x22 ./Core/Startup/startup_stm32c011f4ux.o
 .ARM.attributes
                0x00000174       0x2c ./Drivers/STM32C0xx_HAL_Driver/Src/stm32c0xx_hal.o
 .ARM.attributes
                0x000001a0       0x2c ./Drivers/STM32C0xx_HAL_Driver/Src/stm32c0xx_hal_cortex.o
 .ARM.attributes
                0x000001cc       0x2c ./Drivers/STM32C0xx_HAL_Driver/Src/stm32c0xx_hal_dma.o
 .ARM.attributes
                0x000001f8       0x2c ./Drivers/STM32C0xx_HAL_Driver/Src/stm32c0xx_hal_gpio.o
 .ARM.attributes
                0x00000224       0x2c ./Drivers/STM32C0xx_HAL_Driver/Src/stm32c0xx_hal_rcc.o
 .ARM.attributes
                0x00000250       0x2c ./Drivers/STM32C0xx_HAL_Driver/Src/stm32c0xx_hal_rcc_ex.o
 .ARM.attributes
                0x0000027c       0x2c ./Drivers/STM32C0xx_HAL_Driver/Src/stm32c0xx_hal_tim.o
 .ARM.attributes
                0x000002a8       0x2c ./Drivers/STM32C0xx_HAL_Driver/Src/stm32c0xx_hal_tim_ex.o
 .ARM.attributes
                0x000002d4       0x2c ./Drivers/STM32C0xx_HAL_Driver/Src/stm32c0xx_hal_uart.o
 .ARM.attributes
                0x00000300       0x2c ./Drivers/STM32C0xx_HAL_Driver/Src/stm32c0xx_hal_uart_ex.o
 .ARM.attributes
                0x0000032c       0x2c C:/ST/STM32CubeIDE_1.18.0/STM32CubeIDE/plugins/com.st.stm32cube.ide.mcu.externaltools.gnu-tools-for-stm32.13.3.rel1.win32_1.0.0.202411081344/tools/bin/../lib/gcc/arm-none-eabi/13.3.1/../../../../arm-none-eabi/lib/thumb/v6-m/nofp\libc_nano.a(libc_a-memset.o)
 .ARM.attributes
                0x00000358       0x2c C:/ST/STM32CubeIDE_1.18.0/STM32CubeIDE/plugins/com.st.stm32cube.ide.mcu.externaltools.gnu-tools-for-stm32.13.3.rel1.win32_1.0.0.202411081344/tools/bin/../lib/gcc/arm-none-eabi/13.3.1/../../../../arm-none-eabi/lib/thumb/v6-m/nofp\libc_nano.a(libc_a-init.o)
 .ARM.attributes
                0x00000384       0x1e C:/ST/STM32CubeIDE_1.18.0/STM32CubeIDE/plugins/com.st.stm32cube.ide.mcu.externaltools.gnu-tools-for-stm32.13.3.rel1.win32_1.0.0.202411081344/tools/bin/../lib/gcc/arm-none-eabi/13.3.1/thumb/v6-m/nofp\libgcc.a(_udivsi3.o)
 .ARM.attributes
                0x000003a2       0x1e C:/ST/STM32CubeIDE_1.18.0/STM32CubeIDE/plugins/com.st.stm32cube.ide.mcu.externaltools.gnu-tools-for-stm32.13.3.rel1.win32_1.0.0.202411081344/tools/bin/../lib/gcc/arm-none-eabi/13.3.1/thumb/v6-m/nofp\libgcc.a(_divsi3.o)
 .ARM.attributes
                0x000003c0       0x1e C:/ST/STM32CubeIDE_1.18.0/STM32CubeIDE/plugins/com.st.stm32cube.ide.mcu.externaltools.gnu-tools-for-stm32.13.3.rel1.win32_1.0.0.202411081344/tools/bin/../lib/gcc/arm-none-eabi/13.3.1/thumb/v6-m/nofp\libgcc.a(_dvmd_tls.o)
 .ARM.attributes
                0x000003de       0x1e C:/ST/STM32CubeIDE_1.18.0/STM32CubeIDE/plugins/com.st.stm32cube.ide.mcu.externaltools.gnu-tools-for-stm32.13.3.rel1.win32_1.0.0.202411081344/tools/bin/../lib/gcc/arm-none-eabi/13.3.1/thumb/v6-m/nofp/crtn.o
OUTPUT(dmxdude-InterfaceController.elf elf32-littlearm)
LOAD linker stubs
LOAD C:/ST/STM32CubeIDE_1.18.0/STM32CubeIDE/plugins/com.st.stm32cube.ide.mcu.externaltools.gnu-tools-for-stm32.13.3.rel1.win32_1.0.0.202411081344/tools/bin/../lib/gcc/arm-none-eabi/13.3.1/../../../../arm-none-eabi/lib/thumb/v6-m/nofp\libc.a
LOAD C:/ST/STM32CubeIDE_1.18.0/STM32CubeIDE/plugins/com.st.stm32cube.ide.mcu.externaltools.gnu-tools-for-stm32.13.3.rel1.win32_1.0.0.202411081344/tools/bin/../lib/gcc/arm-none-eabi/13.3.1/../../../../arm-none-eabi/lib/thumb/v6-m/nofp\libm.a
LOAD C:/ST/STM32CubeIDE_1.18.0/STM32CubeIDE/plugins/com.st.stm32cube.ide.mcu.externaltools.gnu-tools-for-stm32.13.3.rel1.win32_1.0.0.202411081344/tools/bin/../lib/gcc/arm-none-eabi/13.3.1/thumb/v6-m/nofp\libgcc.a

.debug_info     0x00000000    0x150f1
 .debug_info    0x00000000      0x380 ./Core/Src/cobs.o
 .debug_info    0x00000380      0xa0e ./Core/Src/dmx512.o
 .debug_info    0x00000d8e     0x1d0d ./Core/Src/main.o
 .debug_info    0x00002a9b     0x1337 ./Core/Src/stm32c0xx_hal_msp.o
 .debug_info    0x00003dd2      0xbcf ./Core/Src/stm32c0xx_it.o
 .debug_info    0x000049a1      0x37f ./Core/Src/system_stm32c0xx.o
 .debug_info    0x00004d20       0x30 ./Core/Startup/startup_stm32c011f4ux.o
 .debug_info    0x00004d50      0x90b ./Drivers/STM32C0xx_HAL_Driver/Src/stm32c0xx_hal.o
 .debug_info    0x0000565b      0x9cf ./Drivers/STM32C0xx_HAL_Driver/Src/stm32c0xx_hal_cortex.o
 .debug_info    0x0000602a      0x9d4 ./Drivers/STM32C0xx_HAL_Driver/Src/stm32c0xx_hal_dma.o
 .debug_info    0x000069fe      0x60b ./Drivers/STM32C0xx_HAL_Driver/Src/stm32c0xx_hal_gpio.o
 .debug_info    0x00007009      0xb0d ./Drivers/STM32C0xx_HAL_Driver/Src/stm32c0xx_hal_rcc.o
 .debug_info    0x00007b16      0x613 ./Drivers/STM32C0xx_HAL_Driver/Src/stm32c0xx_hal_rcc_ex.o
 .debug_info    0x00008129     0x3e79 ./Drivers/STM32C0xx_HAL_Driver/Src/stm32c0xx_hal_tim.o
 .debug_info    0x0000bfa2     0x1e93 ./Drivers/STM32C0xx_HAL_Driver/Src/stm32c0xx_hal_tim_ex.o
 .debug_info    0x0000de35     0x60e5 ./Drivers/STM32C0xx_HAL_Driver/Src/stm32c0xx_hal_uart.o
 .debug_info    0x00013f1a     0x11d7 ./Drivers/STM32C0xx_HAL_Driver/Src/stm32c0xx_hal_uart_ex.o

.debug_abbrev   0x00000000     0x27f7
 .debug_abbrev  0x00000000      0x138 ./Core/Src/cobs.o
 .debug_abbrev  0x00000138      0x24d ./Core/Src/dmx512.o
 .debug_abbrev  0x00000385      0x377 ./Core/Src/main.o
 .debug_abbrev  0x000006fc      0x291 ./Core/Src/stm32c0xx_hal_msp.o
 .debug_abbrev  0x0000098d      0x1b9 ./Core/Src/stm32c0xx_it.o
 .debug_abbrev  0x00000b46      0x12e ./Core/Src/system_stm32c0xx.o
 .debug_abbrev  0x00000c74       0x24 ./Core/Startup/startup_stm32c011f4ux.o
 .debug_abbrev  0x00000c98      0x30e ./Drivers/STM32C0xx_HAL_Driver/Src/stm32c0xx_hal.o
 .debug_abbrev  0x00000fa6      0x317 ./Drivers/STM32C0xx_HAL_Driver/Src/stm32c0xx_hal_cortex.o
 .debug_abbrev  0x000012bd      0x1e9 ./Drivers/STM32C0xx_HAL_Driver/Src/stm32c0xx_hal_dma.o
 .debug_abbrev  0x000014a6      0x209 ./Drivers/STM32C0xx_HAL_Driver/Src/stm32c0xx_hal_gpio.o
 .debug_abbrev  0x000016af      0x2c3 ./Drivers/STM32C0xx_HAL_Driver/Src/stm32c0xx_hal_rcc.o
 .debug_abbrev  0x00001972      0x299 ./Drivers/STM32C0xx_HAL_Driver/Src/stm32c0xx_hal_rcc_ex.o
 .debug_abbrev  0x00001c0b      0x285 ./Drivers/STM32C0xx_HAL_Driver/Src/stm32c0xx_hal_tim.o
 .debug_abbrev  0x00001e90      0x298 ./Drivers/STM32C0xx_HAL_Driver/Src/stm32c0xx_hal_tim_ex.o
 .debug_abbrev  0x00002128      0x377 ./Drivers/STM32C0xx_HAL_Driver/Src/stm32c0xx_hal_uart.o
 .debug_abbrev  0x0000249f      0x358 ./Drivers/STM32C0xx_HAL_Driver/Src/stm32c0xx_hal_uart_ex.o

.debug_loclists
                0x00000000     0xad69
 .debug_loclists
                0x00000000      0x488 ./Core/Src/cobs.o
 .debug_loclists
                0x00000488       0xc4 ./Core/Src/dmx512.o
 .debug_loclists
                0x0000054c       0x7b ./Core/Src/main.o
 .debug_loclists
                0x000005c7      0x10b ./Core/Src/stm32c0xx_hal_msp.o
 .debug_loclists
                0x000006d2       0x26 ./Core/Src/system_stm32c0xx.o
 .debug_loclists
                0x000006f8      0x19a ./Drivers/STM32C0xx_HAL_Driver/Src/stm32c0xx_hal.o
 .debug_loclists
                0x00000892      0x225 ./Drivers/STM32C0xx_HAL_Driver/Src/stm32c0xx_hal_cortex.o
 .debug_loclists
                0x00000ab7      0x696 ./Drivers/STM32C0xx_HAL_Driver/Src/stm32c0xx_hal_dma.o
 .debug_loclists
                0x0000114d      0x307 ./Drivers/STM32C0xx_HAL_Driver/Src/stm32c0xx_hal_gpio.o
 .debug_loclists
                0x00001454      0x461 ./Drivers/STM32C0xx_HAL_Driver/Src/stm32c0xx_hal_rcc.o
 .debug_loclists
                0x000018b5      0x4b6 ./Drivers/STM32C0xx_HAL_Driver/Src/stm32c0xx_hal_rcc_ex.o
 .debug_loclists
                0x00001d6b     0x3f16 ./Drivers/STM32C0xx_HAL_Driver/Src/stm32c0xx_hal_tim.o
 .debug_loclists
                0x00005c81     0x1c85 ./Drivers/STM32C0xx_HAL_Driver/Src/stm32c0xx_hal_tim_ex.o
 .debug_loclists
                0x00007906     0x2c1c ./Drivers/STM32C0xx_HAL_Driver/Src/stm32c0xx_hal_uart.o
 .debug_loclists
                0x0000a522      0x847 ./Drivers/STM32C0xx_HAL_Driver/Src/stm32c0xx_hal_uart_ex.o

.debug_aranges  0x00000000      0xdb0
 .debug_aranges
                0x00000000       0x28 ./Core/Src/cobs.o
 .debug_aranges
                0x00000028       0x38 ./Core/Src/dmx512.o
 .debug_aranges
                0x00000060       0x70 ./Core/Src/main.o
 .debug_aranges
                0x000000d0       0x58 ./Core/Src/stm32c0xx_hal_msp.o
 .debug_aranges
                0x00000128       0x58 ./Core/Src/stm32c0xx_it.o
 .debug_aranges
                0x00000180       0x28 ./Core/Src/system_stm32c0xx.o
 .debug_aranges
                0x000001a8       0x28 ./Core/Startup/startup_stm32c011f4ux.o
 .debug_aranges
                0x000001d0       0xf0 ./Drivers/STM32C0xx_HAL_Driver/Src/stm32c0xx_hal.o
 .debug_aranges
                0x000002c0       0xc0 ./Drivers/STM32C0xx_HAL_Driver/Src/stm32c0xx_hal_cortex.o
 .debug_aranges
                0x00000380       0x90 ./Drivers/STM32C0xx_HAL_Driver/Src/stm32c0xx_hal_dma.o
 .debug_aranges
                0x00000410       0x68 ./Drivers/STM32C0xx_HAL_Driver/Src/stm32c0xx_hal_gpio.o
 .debug_aranges
                0x00000478       0x90 ./Drivers/STM32C0xx_HAL_Driver/Src/stm32c0xx_hal_rcc.o
 .debug_aranges
                0x00000508       0x40 ./Drivers/STM32C0xx_HAL_Driver/Src/stm32c0xx_hal_rcc_ex.o
 .debug_aranges
                0x00000548      0x3e0 ./Drivers/STM32C0xx_HAL_Driver/Src/stm32c0xx_hal_tim.o
 .debug_aranges
                0x00000928      0x198 ./Drivers/STM32C0xx_HAL_Driver/Src/stm32c0xx_hal_tim_ex.o
 .debug_aranges
                0x00000ac0      0x248 ./Drivers/STM32C0xx_HAL_Driver/Src/stm32c0xx_hal_uart.o
 .debug_aranges
                0x00000d08       0xa8 ./Drivers/STM32C0xx_HAL_Driver/Src/stm32c0xx_hal_uart_ex.o

.debug_rnglists
                0x00000000      0xb72
 .debug_rnglists
                0x00000000       0x1b ./Core/Src/cobs.o
 .debug_rnglists
                0x0000001b       0x26 ./Core/Src/dmx512.o
 .debug_rnglists
                0x00000041       0x60 ./Core/Src/main.o
 .debug_rnglists
                0x000000a1       0x3e ./Core/Src/stm32c0xx_hal_msp.o
 .debug_rnglists
                0x000000df       0x3d ./Core/Src/stm32c0xx_it.o
 .debug_rnglists
                0x0000011c       0x19 ./Core/Src/system_stm32c0xx.o
 .debug_rnglists
                0x00000135       0x19 ./Core/Startup/startup_stm32c011f4ux.o
 .debug_rnglists
                0x0000014e       0xaf ./Drivers/STM32C0xx_HAL_Driver/Src/stm32c0xx_hal.o
 .debug_rnglists
                0x000001fd       0x97 ./Drivers/STM32C0xx_HAL_Driver/Src/stm32c0xx_hal_cortex.o
 .debug_rnglists
                0x00000294       0x6e ./Drivers/STM32C0xx_HAL_Driver/Src/stm32c0xx_hal_dma.o
 .debug_rnglists
                0x00000302       0x4b ./Drivers/STM32C0xx_HAL_Driver/Src/stm32c0xx_hal_gpio.o
 .debug_rnglists
                0x0000034d       0x8a ./Drivers/STM32C0xx_HAL_Driver/Src/stm32c0xx_hal_rcc.o
 .debug_rnglists
                0x000003d7       0x44 ./Drivers/STM32C0xx_HAL_Driver/Src/stm32c0xx_hal_rcc_ex.o
 .debug_rnglists
                0x0000041b      0x310 ./Drivers/STM32C0xx_HAL_Driver/Src/stm32c0xx_hal_tim.o
 .debug_rnglists
                0x0000072b      0x13f ./Drivers/STM32C0xx_HAL_Driver/Src/stm32c0xx_hal_tim_ex.o
 .debug_rnglists
                0x0000086a      0x25c ./Drivers/STM32C0xx_HAL_Driver/Src/stm32c0xx_hal_uart.o
 .debug_rnglists
                0x00000ac6       0xac ./Drivers/STM32C0xx_HAL_Driver/Src/stm32c0xx_hal_uart_ex.o

.debug_macro    0x00000000    0x13fb9
 .debug_macro   0x00000000      0x149 ./Core/Src/cobs.o
 .debug_macro   0x00000149      0xaae ./Core/Src/cobs.o
 .debug_macro   0x00000bf7       0x24 ./Core/Src/cobs.o
 .debug_macro   0x00000c1b       0x22 ./Core/Src/cobs.o
 .debug_macro   0x00000c3d       0x5b ./Core/Src/cobs.o
 .debug_macro   0x00000c98       0x94 ./Core/Src/cobs.o
 .debug_macro   0x00000d2c       0x43 ./Core/Src/cobs.o
 .debug_macro   0x00000d6f       0x34 ./Core/Src/cobs.o
 .debug_macro   0x00000da3       0x16 ./Core/Src/cobs.o
 .debug_macro   0x00000db9      0x11c ./Core/Src/cobs.o
 .debug_macro   0x00000ed5       0x9b ./Core/Src/cobs.o
 .debug_macro   0x00000f70       0x57 ./Core/Src/cobs.o
 .debug_macro   0x00000fc7      0x370 ./Core/Src/cobs.o
 .debug_macro   0x00001337       0x16 ./Core/Src/cobs.o
 .debug_macro   0x0000134d       0x4a ./Core/Src/cobs.o
 .debug_macro   0x00001397       0x34 ./Core/Src/cobs.o
 .debug_macro   0x000013cb       0x10 ./Core/Src/cobs.o
 .debug_macro   0x000013db       0x58 ./Core/Src/cobs.o
 .debug_macro   0x00001433       0x8e ./Core/Src/cobs.o
 .debug_macro   0x000014c1       0x1c ./Core/Src/cobs.o
 .debug_macro   0x000014dd      0x185 ./Core/Src/cobs.o
 .debug_macro   0x00001662       0x16 ./Core/Src/cobs.o
 .debug_macro   0x00001678       0x29 ./Core/Src/cobs.o
 .debug_macro   0x000016a1      0x103 ./Core/Src/cobs.o
 .debug_macro   0x000017a4       0x6a ./Core/Src/cobs.o
 .debug_macro   0x0000180e      0x1df ./Core/Src/cobs.o
 .debug_macro   0x000019ed       0x16 ./Core/Src/cobs.o
 .debug_macro   0x00001a03      0x1df ./Core/Src/dmx512.o
 .debug_macro   0x00001be2       0x2e ./Core/Src/dmx512.o
 .debug_macro   0x00001c10       0x28 ./Core/Src/dmx512.o
 .debug_macro   0x00001c38       0x8e ./Core/Src/dmx512.o
 .debug_macro   0x00001cc6       0x51 ./Core/Src/dmx512.o
 .debug_macro   0x00001d17       0x1c ./Core/Src/dmx512.o
 .debug_macro   0x00001d33       0x22 ./Core/Src/dmx512.o
 .debug_macro   0x00001d55       0xd1 ./Core/Src/dmx512.o
 .debug_macro   0x00001e26      0x4da ./Core/Src/dmx512.o
 .debug_macro   0x00002300      0x11f ./Core/Src/dmx512.o
 .debug_macro   0x0000241f     0x8f7d ./Core/Src/dmx512.o
 .debug_macro   0x0000b39c       0x6d ./Core/Src/dmx512.o
 .debug_macro   0x0000b409      0x198 ./Core/Src/dmx512.o
 .debug_macro   0x0000b5a1       0xe9 ./Core/Src/dmx512.o
 .debug_macro   0x0000b68a     0x3440 ./Core/Src/dmx512.o
 .debug_macro   0x0000eaca      0x190 ./Core/Src/dmx512.o
 .debug_macro   0x0000ec5a       0x5b ./Core/Src/dmx512.o
 .debug_macro   0x0000ecb5      0x366 ./Core/Src/dmx512.o
 .debug_macro   0x0000f01b      0xaf3 ./Core/Src/dmx512.o
 .debug_macro   0x0000fb0e      0x145 ./Core/Src/dmx512.o
 .debug_macro   0x0000fc53      0x15f ./Core/Src/dmx512.o
 .debug_macro   0x0000fdb2      0x179 ./Core/Src/dmx512.o
 .debug_macro   0x0000ff2b      0x264 ./Core/Src/dmx512.o
 .debug_macro   0x0001018f      0x17e ./Core/Src/dmx512.o
 .debug_macro   0x0001030d       0x43 ./Core/Src/dmx512.o
 .debug_macro   0x00010350      0x1f1 ./Core/Src/dmx512.o
 .debug_macro   0x00010541      0x1aa ./Core/Src/dmx512.o
 .debug_macro   0x000106eb      0x367 ./Core/Src/dmx512.o
 .debug_macro   0x00010a52       0x28 ./Core/Src/dmx512.o
 .debug_macro   0x00010a7a       0xb3 ./Core/Src/dmx512.o
 .debug_macro   0x00010b2d      0x104 ./Core/Src/dmx512.o
 .debug_macro   0x00010c31       0xef ./Core/Src/dmx512.o
 .debug_macro   0x00010d20      0xaa6 ./Core/Src/dmx512.o
 .debug_macro   0x000117c6       0xd9 ./Core/Src/dmx512.o
 .debug_macro   0x0001189f      0x67e ./Core/Src/dmx512.o
 .debug_macro   0x00011f1d       0xa6 ./Core/Src/dmx512.o
 .debug_macro   0x00011fc3      0x3c7 ./Core/Src/dmx512.o
 .debug_macro   0x0001238a       0x10 ./Core/Src/dmx512.o
 .debug_macro   0x0001239a      0x2c9 ./Core/Src/main.o
 .debug_macro   0x00012663       0x10 ./Core/Src/main.o
 .debug_macro   0x00012673       0x16 ./Core/Src/main.o
 .debug_macro   0x00012689       0x61 ./Core/Src/main.o
 .debug_macro   0x000126ea       0x3c ./Core/Src/main.o
 .debug_macro   0x00012726      0x1df ./Core/Src/stm32c0xx_hal_msp.o
 .debug_macro   0x00012905      0x1f2 ./Core/Src/stm32c0xx_it.o
 .debug_macro   0x00012af7      0x1d6 ./Core/Src/system_stm32c0xx.o
 .debug_macro   0x00012ccd      0x1ee ./Drivers/STM32C0xx_HAL_Driver/Src/stm32c0xx_hal.o
 .debug_macro   0x00012ebb      0x1d0 ./Drivers/STM32C0xx_HAL_Driver/Src/stm32c0xx_hal_cortex.o
 .debug_macro   0x0001308b      0x1d0 ./Drivers/STM32C0xx_HAL_Driver/Src/stm32c0xx_hal_dma.o
 .debug_macro   0x0001325b      0x205 ./Drivers/STM32C0xx_HAL_Driver/Src/stm32c0xx_hal_gpio.o
 .debug_macro   0x00013460      0x200 ./Drivers/STM32C0xx_HAL_Driver/Src/stm32c0xx_hal_rcc.o
 .debug_macro   0x00013660      0x1e2 ./Drivers/STM32C0xx_HAL_Driver/Src/stm32c0xx_hal_rcc_ex.o
 .debug_macro   0x00013842      0x1d8 ./Drivers/STM32C0xx_HAL_Driver/Src/stm32c0xx_hal_tim.o
 .debug_macro   0x00013a1a      0x1d6 ./Drivers/STM32C0xx_HAL_Driver/Src/stm32c0xx_hal_tim_ex.o
 .debug_macro   0x00013bf0      0x1ed ./Drivers/STM32C0xx_HAL_Driver/Src/stm32c0xx_hal_uart.o
 .debug_macro   0x00013ddd      0x1dc ./Drivers/STM32C0xx_HAL_Driver/Src/stm32c0xx_hal_uart_ex.o

.debug_line     0x00000000    0x16411
 .debug_line    0x00000000      0x834 ./Core/Src/cobs.o
 .debug_line    0x00000834      0x8c4 ./Core/Src/dmx512.o
 .debug_line    0x000010f8      0xef1 ./Core/Src/main.o
 .debug_line    0x00001fe9      0xa1f ./Core/Src/stm32c0xx_hal_msp.o
 .debug_line    0x00002a08      0x832 ./Core/Src/stm32c0xx_it.o
 .debug_line    0x0000323a      0x7e4 ./Core/Src/system_stm32c0xx.o
 .debug_line    0x00003a1e       0x7d ./Core/Startup/startup_stm32c011f4ux.o
 .debug_line    0x00003a9b      0xb4a ./Drivers/STM32C0xx_HAL_Driver/Src/stm32c0xx_hal.o
 .debug_line    0x000045e5      0xc51 ./Drivers/STM32C0xx_HAL_Driver/Src/stm32c0xx_hal_cortex.o
 .debug_line    0x00005236     0x1109 ./Drivers/STM32C0xx_HAL_Driver/Src/stm32c0xx_hal_dma.o
 .debug_line    0x0000633f      0xcc0 ./Drivers/STM32C0xx_HAL_Driver/Src/stm32c0xx_hal_gpio.o
 .debug_line    0x00006fff     0x1079 ./Drivers/STM32C0xx_HAL_Driver/Src/stm32c0xx_hal_rcc.o
 .debug_line    0x00008078      0xb7d ./Drivers/STM32C0xx_HAL_Driver/Src/stm32c0xx_hal_rcc_ex.o
 .debug_line    0x00008bf5     0x5160 ./Drivers/STM32C0xx_HAL_Driver/Src/stm32c0xx_hal_tim.o
 .debug_line    0x0000dd55     0x2367 ./Drivers/STM32C0xx_HAL_Driver/Src/stm32c0xx_hal_tim_ex.o
 .debug_line    0x000100bc     0x52ab ./Drivers/STM32C0xx_HAL_Driver/Src/stm32c0xx_hal_uart.o
 .debug_line    0x00015367     0x10aa ./Drivers/STM32C0xx_HAL_Driver/Src/stm32c0xx_hal_uart_ex.o

.debug_str      0x00000000    0x7de36
 .debug_str     0x00000000    0x7de36 ./Core/Src/cobs.o
                               0x7594 (size before relaxing)
 .debug_str     0x0007de36    0x76fb1 ./Core/Src/dmx512.o
 .debug_str     0x0007de36    0x7aff9 ./Core/Src/main.o
 .debug_str     0x0007de36    0x77690 ./Core/Src/stm32c0xx_hal_msp.o
 .debug_str     0x0007de36    0x772e4 ./Core/Src/stm32c0xx_it.o
 .debug_str     0x0007de36    0x76a53 ./Core/Src/system_stm32c0xx.o
 .debug_str     0x0007de36       0x85 ./Core/Startup/startup_stm32c011f4ux.o
 .debug_str     0x0007de36    0x77057 ./Drivers/STM32C0xx_HAL_Driver/Src/stm32c0xx_hal.o
 .debug_str     0x0007de36    0x76e6c ./Drivers/STM32C0xx_HAL_Driver/Src/stm32c0xx_hal_cortex.o
 .debug_str     0x0007de36    0x76ed8 ./Drivers/STM32C0xx_HAL_Driver/Src/stm32c0xx_hal_dma.o
 .debug_str     0x0007de36    0x76c4b ./Drivers/STM32C0xx_HAL_Driver/Src/stm32c0xx_hal_gpio.o
 .debug_str     0x0007de36    0x7703e ./Drivers/STM32C0xx_HAL_Driver/Src/stm32c0xx_hal_rcc.o
 .debug_str     0x0007de36    0x76cca ./Drivers/STM32C0xx_HAL_Driver/Src/stm32c0xx_hal_rcc_ex.o
 .debug_str     0x0007de36    0x77f7b ./Drivers/STM32C0xx_HAL_Driver/Src/stm32c0xx_hal_tim.o
 .debug_str     0x0007de36    0x77909 ./Drivers/STM32C0xx_HAL_Driver/Src/stm32c0xx_hal_tim_ex.o
 .debug_str     0x0007de36    0x779b1 ./Drivers/STM32C0xx_HAL_Driver/Src/stm32c0xx_hal_uart.o
 .debug_str     0x0007de36    0x772d9 ./Drivers/STM32C0xx_HAL_Driver/Src/stm32c0xx_hal_uart_ex.o

.comment        0x00000000       0x43
 .comment       0x00000000       0x43 ./Core/Src/cobs.o
                                 0x44 (size before relaxing)
 .comment       0x00000043       0x44 ./Core/Src/dmx512.o
 .comment       0x00000043       0x44 ./Core/Src/main.o
 .comment       0x00000043       0x44 ./Core/Src/stm32c0xx_hal_msp.o
 .comment       0x00000043       0x44 ./Core/Src/stm32c0xx_it.o
 .comment       0x00000043       0x44 ./Core/Src/system_stm32c0xx.o
 .comment       0x00000043       0x44 ./Drivers/STM32C0xx_HAL_Driver/Src/stm32c0xx_hal.o
 .comment       0x00000043       0x44 ./Drivers/STM32C0xx_HAL_Driver/Src/stm32c0xx_hal_cortex.o
 .comment       0x00000043       0x44 ./Drivers/STM32C0xx_HAL_Driver/Src/stm32c0xx_hal_dma.o
 .comment       0x00000043       0x44 ./Drivers/STM32C0xx_HAL_Driver/Src/stm32c0xx_hal_gpio.o
 .comment       0x00000043       0x44 ./Drivers/STM32C0xx_HAL_Driver/Src/stm32c0xx_hal_rcc.o
 .comment       0x00000043       0x44 ./Drivers/STM32C0xx_HAL_Driver/Src/stm32c0xx_hal_rcc_ex.o
 .comment       0x00000043       0x44 ./Drivers/STM32C0xx_HAL_Driver/Src/stm32c0xx_hal_tim.o
 .comment       0x00000043       0x44 ./Drivers/STM32C0xx_HAL_Driver/Src/stm32c0xx_hal_tim_ex.o
 .comment       0x00000043       0x44 ./Drivers/STM32C0xx_HAL_Driver/Src/stm32c0xx_hal_uart.o
 .comment       0x00000043       0x44 ./Drivers/STM32C0xx_HAL_Driver/Src/stm32c0xx_hal_uart_ex.o

.debug_frame    0x00000000     0x2488
 .debug_frame   0x00000000       0x58 ./Core/Src/cobs.o
 .debug_frame   0x00000058       0x70 ./Core/Src/dmx512.o
 .debug_frame   0x000000c8      0x114 ./Core/Src/main.o
 .debug_frame   0x000001dc       0xc8 ./Core/Src/stm32c0xx_hal_msp.o
 .debug_frame   0x000002a4       0xb0 ./Core/Src/stm32c0xx_it.o
 .debug_frame   0x00000354       0x30 ./Core/Src/system_stm32c0xx.o
 .debug_frame   0x00000384      0x1ec ./Drivers/STM32C0xx_HAL_Driver/Src/stm32c0xx_hal.o
 .debug_frame   0x00000570      0x194 ./Drivers/STM32C0xx_HAL_Driver/Src/stm32c0xx_hal_cortex.o
 .debug_frame   0x00000704      0x188 ./Drivers/STM32C0xx_HAL_Driver/Src/stm32c0xx_hal_dma.o
 .debug_frame   0x0000088c       0xe8 ./Drivers/STM32C0xx_HAL_Driver/Src/stm32c0xx_hal_gpio.o
 .debug_frame   0x00000974      0x168 ./Drivers/STM32C0xx_HAL_Driver/Src/stm32c0xx_hal_rcc.o
 .debug_frame   0x00000adc       0x84 ./Drivers/STM32C0xx_HAL_Driver/Src/stm32c0xx_hal_rcc_ex.o
 .debug_frame   0x00000b60      0xb20 ./Drivers/STM32C0xx_HAL_Driver/Src/stm32c0xx_hal_tim.o
 .debug_frame   0x00001680      0x4c0 ./Drivers/STM32C0xx_HAL_Driver/Src/stm32c0xx_hal_tim_ex.o
 .debug_frame   0x00001b40      0x6dc ./Drivers/STM32C0xx_HAL_Driver/Src/stm32c0xx_hal_uart.o
 .debug_frame   0x0000221c      0x1e0 ./Drivers/STM32C0xx_HAL_Driver/Src/stm32c0xx_hal_uart_ex.o
 .debug_frame   0x000023fc       0x20 C:/ST/STM32CubeIDE_1.18.0/STM32CubeIDE/plugins/com.st.stm32cube.ide.mcu.externaltools.gnu-tools-for-stm32.13.3.rel1.win32_1.0.0.202411081344/tools/bin/../lib/gcc/arm-none-eabi/13.3.1/../../../../arm-none-eabi/lib/thumb/v6-m/nofp\libc_nano.a(libc_a-memset.o)
 .debug_frame   0x0000241c       0x2c C:/ST/STM32CubeIDE_1.18.0/STM32CubeIDE/plugins/com.st.stm32cube.ide.mcu.externaltools.gnu-tools-for-stm32.13.3.rel1.win32_1.0.0.202411081344/tools/bin/../lib/gcc/arm-none-eabi/13.3.1/../../../../arm-none-eabi/lib/thumb/v6-m/nofp\libc_nano.a(libc_a-init.o)
 .debug_frame   0x00002448       0x20 C:/ST/STM32CubeIDE_1.18.0/STM32CubeIDE/plugins/com.st.stm32cube.ide.mcu.externaltools.gnu-tools-for-stm32.13.3.rel1.win32_1.0.0.202411081344/tools/bin/../lib/gcc/arm-none-eabi/13.3.1/thumb/v6-m/nofp\libgcc.a(_udivsi3.o)
 .debug_frame   0x00002468       0x20 C:/ST/STM32CubeIDE_1.18.0/STM32CubeIDE/plugins/com.st.stm32cube.ide.mcu.externaltools.gnu-tools-for-stm32.13.3.rel1.win32_1.0.0.202411081344/tools/bin/../lib/gcc/arm-none-eabi/13.3.1/thumb/v6-m/nofp\libgcc.a(_divsi3.o)

.debug_line_str
                0x00000000       0x69
 .debug_line_str
                0x00000000       0x69 ./Core/Startup/startup_stm32c011f4ux.o
