../Core/Src/main.c:437:13:MX_GPIO_Init	48	static
../Core/Src/main.c:420:13:MX_DMA_Init	16	static
../Core/Src/main.c:89:6:HAL_TIM_PeriodElapsedCallback	8	static
../Core/Src/main.c:465:6:HAL_UART_TxCpltCallback	0	static
../Core/Src/main.c:477:6:Error_Handler	0	static,ignoring_inline_asm
../Core/Src/main.c:345:13:MX_USART1_UART_Init	8	static
../Core/Src/main.c:316:13:MX_TIM14_Init	8	static
../Core/Src/main.c:388:13:MX_USART2_UART_Init	8	static
../Core/Src/main.c:249:13:MX_TIM1_Init	104	static
../Core/Src/main.c:214:6:SystemClock_Config	56	static
../Core/Src/main.c:102:5:main	544	static
