../Core/Src/stm32c0xx_hal_msp.c:66:6:HAL_MspInit	8	static
../Core/Src/stm32c0xx_hal_msp.c:89:6:HAL_TIM_PWM_MspInit	8	static
../Core/Src/stm32c0xx_hal_msp.c:112:6:HAL_TIM_Base_MspInit	16	static
../Core/Src/stm32c0xx_hal_msp.c:132:6:HAL_TIM_MspPostInit	32	static
../Core/Src/stm32c0xx_hal_msp.c:164:6:HAL_TIM_PWM_MspDeInit	0	static
../Core/Src/stm32c0xx_hal_msp.c:186:6:HAL_TIM_Base_MspDeInit	8	static
../Core/Src/stm32c0xx_hal_msp.c:211:6:HAL_UART_MspInit	72	static
../Core/Src/stm32c0xx_hal_msp.c:304:6:HAL_UART_MspDeInit	8	static
